{
  "goal": {
    "objective": {"cost": 0.7, "service": 0.2, "co2": 0.1},
    "constraints": {"budget_month": 9000, "service_min": 0.95},
    "policies": {}
  },
  "context": {
    "horizon": 2,
    "periods": ["2025-09-01", "2025-09-02"],
    "locations": ["default"],
    "skus": [
      {
        "sku": "SKU1",
        "demand_baseline": {"2025-09-01": 100, "2025-09-02": 120},
        "supplier_options": [
          {"supplier_id": "SUP1", "price": 10.0, "moq": 10, "lead_time_days": 2, "co2_per_unit": 0.5},
          {"supplier_id": "SUP2", "price": 11.0, "moq": 5, "lead_time_days": 3, "co2_per_unit": 0.6}
        ]
      },
      {
        "sku": "SKU2",
        "demand_baseline": {"2025-09-01": 80, "2025-09-02": 90},
        "supplier_options": [
          {"supplier_id": "SUP3", "price": 9.5, "moq": 1, "lead_time_days": 1, "co2_per_unit": 0.4}
        ]
      }
    ]
  },
  "seed": 2025,
  "domain": "retail"
}
